Hello, human #1! What's your name?
Nice to meet you, Rui!

Hello, human #2! What's your name?
Nice to meet you, Gon√ßalves!

Hello, human #3! What's your name?
