Hello world!
42
2
[ 1, 2, 2 ]
110
35
[ false, false, false, false ]
{ 't&t': false, 't&f': false, 'f&t': false, 'f&f': false }
